gyp info it worked if it ends with ok
gyp verb cli [
gyp verb cli 'C:\\Program Files\\nodejs\\node.exe',
gyp verb cli 'C:\\Users\\A\\antigravity\\dupli-electron-caddy\\node_modules\\@electron\\node-gyp\\bin\\node-gyp.js',
gyp verb cli 'rebuild',
gyp verb cli '--directory',
gyp verb cli 'src/print-engine/windows'
gyp verb cli ]
gyp info using node-gyp@10.2.0-electron.1
gyp info using node@24.11.1 | win32 | x64
gyp info chdir src/print-engine/windows
gyp verb clean removing "build" directory
gyp verb find Python Python is not set from command line or npm configuration
gyp verb find Python Python is not set from environment variable PYTHON
gyp verb find Python checking if the py launcher can be used to find Python 3
gyp verb find Python - executing "py.exe" to get Python 3 executable path
gyp sill find Python execFile: exec = "py.exe"
gyp sill find Python execFile: args = ["-3","-c","import sys; sys.stdout.buffer.write(sys.executable.encode('utf-8'));"]
gyp sill find Python execFile: opts = {"env":{"ALLUSERSPROFILE":"C:\\ProgramData","ANTIGRAVITY_AGENT":"1","ANTIGRAVITY_CLI_ALIAS":"agy","APPDATA":"C:\\Users\\A\\AppData\\Roaming","ChocolateyInstall":"C:\\ProgramData\\chocolatey","ChocolateyLastPathUpdate":"134093295658057346","ChocolateyToolsLocation":"C:\\tools","CHROME_CRASHPAD_PIPE_NAME":"\\\\.\\pipe\\crashpad_5124_XFRYBCWZASAMFYNQ","COLOR":"0","COLORTERM":"truecolor","CommonProgramFiles":"C:\\Program Files\\Common Files","CommonProgramFiles(x86)":"C:\\Program Files (x86)\\Common Files","CommonProgramW6432":"C:\\Program Files\\Common Files","COMPUTERNAME":"DESKTOP-4KJPNCV","ComSpec":"C:\\Windows\\system32\\cmd.exe","DriverData":"C:\\Windows\\System32\\Drivers\\DriverData","EDITOR":"C:\\Windows\\notepad.exe","GIT_ASKPASS":"c:\\Users\\A\\AppData\\Local\\Programs\\Antigravity\\resources\\app\\extensions\\git\\dist\\askpass.sh","HOME":"C:\\Users\\A","HOMEDRIVE":"C:","HOMEPATH":"\\Users\\A","INIT_CWD":"C:\\Users\\A\\antigravity\\dupli-electron-caddy","LANG":"en_US.UTF-8","LOCALAPPDATA":"C:\\Users\\A\\AppData\\Local","LOGONSERVER":"\\\\DESKTOP-4KJPNCV","NODE":"C:\\Program Files\\nodejs\\node.exe","npm_command":"exec","npm_config_cache":"C:\\Users\\A\\AppData\\Local\\npm-cache","npm_config_globalconfig":"C:\\Users\\A\\AppData\\Roaming\\npm\\etc\\npmrc","npm_config_global_prefix":"C:\\Users\\A\\AppData\\Roaming\\npm","npm_config_init_module":"C:\\Users\\A\\.npm-init.js","npm_config_local_prefix":"C:\\Users\\A\\antigravity\\dupli-electron-caddy","npm_config_node_gyp":"C:\\Program Files\\nodejs\\node_modules\\npm\\node_modules\\node-gyp\\bin\\node-gyp.js","npm_config_noproxy":"","npm_config_npm_version":"11.6.2","npm_config_prefix":"C:\\Users\\A\\AppData\\Roaming\\npm","npm_config_userconfig":"C:\\Users\\A\\.npmrc","npm_config_user_agent":"npm/11.6.2 node/v24.11.1 win32 x64 workspaces/false","npm_execpath":"C:\\Program Files\\nodejs\\node_modules\\npm\\bin\\npm-cli.js","npm_lifecycle_event":"npx","npm_lifecycle_script":"node-gyp","npm_node_execpath":"C:\\Program Files\\nodejs\\node.exe","npm_package_json":"C:\\Users\\A\\antigravity\\dupli-electron-caddy\\package.json","npm_package_name":"dupli-electron","npm_package_version":"1.5.57","NUMBER_OF_PROCESSORS":"8","ORIGINAL_XDG_CURRENT_DESKTOP":"undefined","OS":"Windows_NT","PAGER":"cat","Path":"C:\\Users\\A\\antigravity\\dupli-electron-caddy\\node_modules\\.bin;C:\\Users\\A\\antigravity\\dupli-electron-caddy\\node_modules\\.bin;C:\\Users\\A\\antigravity\\node_modules\\.bin;C:\\Users\\A\\node_modules\\.bin;C:\\Users\\node_modules\\.bin;C:\\node_modules\\.bin;C:\\Program Files\\nodejs\\node_modules\\npm\\node_modules\\@npmcli\\run-script\\lib\\node-gyp-bin;C:\\Program Files\\PowerShell\\7-preview;C:\\Python314\\Scripts\\;C:\\Python314\\;C:\\Windows\\system32;C:\\Windows;C:\\Windows\\System32\\Wbem;C:\\Windows\\System32\\WindowsPowerShell\\v1.0\\;C:\\Windows\\System32\\OpenSSH\\;C:\\ProgramData\\chocolatey\\bin;C:\\Program Files\\Git\\cmd;C:\\Program Files\\Intel\\WiFi\\bin\\;C:\\Program Files\\Common Files\\Intel\\WirelessCommon\\;C:\\Program Files\\dotnet\\;C:\\Program Files\\nodejs\\;C:\\tools\\php85;C:\\ProgramData\\ComposerSetup\\bin;C:\\Program Files\\PowerShell\\7-preview\\preview;C:\\Users\\A\\AppData\\Local\\Programs\\Python\\Python312\\Scripts\\;C:\\Users\\A\\AppData\\Local\\Programs\\Python\\Python312\\;C:\\Users\\A\\AppData\\Local\\Programs\\Python\\Launcher\\;C:\\Users\\A\\AppData\\Local\\Microsoft\\WindowsApps;C:\\Users\\A\\AppData\\Roaming\\npm;C:\\Users\\A\\AppData\\Roaming\\Composer\\vendor\\bin;C:\\Users\\A\\AppData\\Local\\Programs\\Antigravity\\bin;C:\\Users\\A\\AppData\\Local\\Microsoft\\WinGet\\Links","PATHEXT":".COM;.EXE;.BAT;.CMD;.VBS;.VBE;.JS;.JSE;.WSF;.WSH;.MSC;.PY;.PYW;.CPL","POWERSHELL_DISTRIBUTION_CHANNEL":"MSI:Windows 10 Pro","PROCESSOR_ARCHITECTURE":"AMD64","PROCESSOR_IDENTIFIER":"Intel64 Family 6 Model 142 Stepping 12, GenuineIntel","PROCESSOR_LEVEL":"6","PROCESSOR_REVISION":"8e0c","ProgramData":"C:\\ProgramData","ProgramFiles":"C:\\Program Files","ProgramFiles(x86)":"C:\\Program Files (x86)","ProgramW6432":"C:\\Program Files","PROMPT":"$P$G","PSModulePath":"C:\\Users\\A\\Documents\\PowerShell\\Modules;C:\\Program Files\\PowerShell\\Modules;c:\\program files\\powershell\\7-preview\\Modules;C:\\Program Files\\WindowsPowerShell\\Modules;C:\\Windows\\system32\\WindowsPowerShell\\v1.0\\Modules","PUBLIC":"C:\\Users\\Public","SystemDrive":"C:","SystemRoot":"C:\\Windows","TEMP":"C:\\Users\\A\\AppData\\Local\\Temp","TERM_PROGRAM":"vscode","TERM_PROGRAM_VERSION":"1.104.0","TMP":"C:\\Users\\A\\AppData\\Local\\Temp","USERDOMAIN":"DESKTOP-4KJPNCV","USERDOMAIN_ROAMINGPROFILE":"DESKTOP-4KJPNCV","USERNAME":"A","USERPROFILE":"C:\\Users\\A","VSCODE_GIT_ASKPASS_EXTRA_ARGS":"","VSCODE_GIT_ASKPASS_MAIN":"c:\\Users\\A\\AppData\\Local\\Programs\\Antigravity\\resources\\app\\extensions\\git\\dist\\askpass-main.js","VSCODE_GIT_ASKPASS_NODE":"C:\\Users\\A\\AppData\\Local\\Programs\\Antigravity\\Antigravity.exe","VSCODE_GIT_IPC_HANDLE":"\\\\.\\pipe\\vscode-git-72c0efb681-sock","VSCODE_INJECTION":"1","VSCODE_PYTHON_AUTOACTIVATE_GUARD":"1","windir":"C:\\Windows","ZES_ENABLE_SYSMAN":"1","TERM":"dumb"},"shell":false}
gyp sill find Python execFile result: err = null
gyp sill find Python execFile result: stdout = "C:\\Python314\\python.exe"
gyp sill find Python execFile result: stderr = ""
gyp verb find Python - executable path is "C:\Python314\python.exe"
gyp verb find Python - executing "C:\Python314\python.exe" to get version
gyp sill find Python execFile: exec = "C:\\Python314\\python.exe"
gyp sill find Python execFile: args = ["-c","import sys; print(\"%s.%s.%s\" % sys.version_info[:3]);"]
gyp sill find Python execFile: opts = {"env":{"ALLUSERSPROFILE":"C:\\ProgramData","ANTIGRAVITY_AGENT":"1","ANTIGRAVITY_CLI_ALIAS":"agy","APPDATA":"C:\\Users\\A\\AppData\\Roaming","ChocolateyInstall":"C:\\ProgramData\\chocolatey","ChocolateyLastPathUpdate":"134093295658057346","ChocolateyToolsLocation":"C:\\tools","CHROME_CRASHPAD_PIPE_NAME":"\\\\.\\pipe\\crashpad_5124_XFRYBCWZASAMFYNQ","COLOR":"0","COLORTERM":"truecolor","CommonProgramFiles":"C:\\Program Files\\Common Files","CommonProgramFiles(x86)":"C:\\Program Files (x86)\\Common Files","CommonProgramW6432":"C:\\Program Files\\Common Files","COMPUTERNAME":"DESKTOP-4KJPNCV","ComSpec":"C:\\Windows\\system32\\cmd.exe","DriverData":"C:\\Windows\\System32\\Drivers\\DriverData","EDITOR":"C:\\Windows\\notepad.exe","GIT_ASKPASS":"c:\\Users\\A\\AppData\\Local\\Programs\\Antigravity\\resources\\app\\extensions\\git\\dist\\askpass.sh","HOME":"C:\\Users\\A","HOMEDRIVE":"C:","HOMEPATH":"\\Users\\A","INIT_CWD":"C:\\Users\\A\\antigravity\\dupli-electron-caddy","LANG":"en_US.UTF-8","LOCALAPPDATA":"C:\\Users\\A\\AppData\\Local","LOGONSERVER":"\\\\DESKTOP-4KJPNCV","NODE":"C:\\Program Files\\nodejs\\node.exe","npm_command":"exec","npm_config_cache":"C:\\Users\\A\\AppData\\Local\\npm-cache","npm_config_globalconfig":"C:\\Users\\A\\AppData\\Roaming\\npm\\etc\\npmrc","npm_config_global_prefix":"C:\\Users\\A\\AppData\\Roaming\\npm","npm_config_init_module":"C:\\Users\\A\\.npm-init.js","npm_config_local_prefix":"C:\\Users\\A\\antigravity\\dupli-electron-caddy","npm_config_node_gyp":"C:\\Program Files\\nodejs\\node_modules\\npm\\node_modules\\node-gyp\\bin\\node-gyp.js","npm_config_noproxy":"","npm_config_npm_version":"11.6.2","npm_config_prefix":"C:\\Users\\A\\AppData\\Roaming\\npm","npm_config_userconfig":"C:\\Users\\A\\.npmrc","npm_config_user_agent":"npm/11.6.2 node/v24.11.1 win32 x64 workspaces/false","npm_execpath":"C:\\Program Files\\nodejs\\node_modules\\npm\\bin\\npm-cli.js","npm_lifecycle_event":"npx","npm_lifecycle_script":"node-gyp","npm_node_execpath":"C:\\Program Files\\nodejs\\node.exe","npm_package_json":"C:\\Users\\A\\antigravity\\dupli-electron-caddy\\package.json","npm_package_name":"dupli-electron","npm_package_version":"1.5.57","NUMBER_OF_PROCESSORS":"8","ORIGINAL_XDG_CURRENT_DESKTOP":"undefined","OS":"Windows_NT","PAGER":"cat","Path":"C:\\Users\\A\\antigravity\\dupli-electron-caddy\\node_modules\\.bin;C:\\Users\\A\\antigravity\\dupli-electron-caddy\\node_modules\\.bin;C:\\Users\\A\\antigravity\\node_modules\\.bin;C:\\Users\\A\\node_modules\\.bin;C:\\Users\\node_modules\\.bin;C:\\node_modules\\.bin;C:\\Program Files\\nodejs\\node_modules\\npm\\node_modules\\@npmcli\\run-script\\lib\\node-gyp-bin;C:\\Program Files\\PowerShell\\7-preview;C:\\Python314\\Scripts\\;C:\\Python314\\;C:\\Windows\\system32;C:\\Windows;C:\\Windows\\System32\\Wbem;C:\\Windows\\System32\\WindowsPowerShell\\v1.0\\;C:\\Windows\\System32\\OpenSSH\\;C:\\ProgramData\\chocolatey\\bin;C:\\Program Files\\Git\\cmd;C:\\Program Files\\Intel\\WiFi\\bin\\;C:\\Program Files\\Common Files\\Intel\\WirelessCommon\\;C:\\Program Files\\dotnet\\;C:\\Program Files\\nodejs\\;C:\\tools\\php85;C:\\ProgramData\\ComposerSetup\\bin;C:\\Program Files\\PowerShell\\7-preview\\preview;C:\\Users\\A\\AppData\\Local\\Programs\\Python\\Python312\\Scripts\\;C:\\Users\\A\\AppData\\Local\\Programs\\Python\\Python312\\;C:\\Users\\A\\AppData\\Local\\Programs\\Python\\Launcher\\;C:\\Users\\A\\AppData\\Local\\Microsoft\\WindowsApps;C:\\Users\\A\\AppData\\Roaming\\npm;C:\\Users\\A\\AppData\\Roaming\\Composer\\vendor\\bin;C:\\Users\\A\\AppData\\Local\\Programs\\Antigravity\\bin;C:\\Users\\A\\AppData\\Local\\Microsoft\\WinGet\\Links","PATHEXT":".COM;.EXE;.BAT;.CMD;.VBS;.VBE;.JS;.JSE;.WSF;.WSH;.MSC;.PY;.PYW;.CPL","POWERSHELL_DISTRIBUTION_CHANNEL":"MSI:Windows 10 Pro","PROCESSOR_ARCHITECTURE":"AMD64","PROCESSOR_IDENTIFIER":"Intel64 Family 6 Model 142 Stepping 12, GenuineIntel","PROCESSOR_LEVEL":"6","PROCESSOR_REVISION":"8e0c","ProgramData":"C:\\ProgramData","ProgramFiles":"C:\\Program Files","ProgramFiles(x86)":"C:\\Program Files (x86)","ProgramW6432":"C:\\Program Files","PROMPT":"$P$G","PSModulePath":"C:\\Users\\A\\Documents\\PowerShell\\Modules;C:\\Program Files\\PowerShell\\Modules;c:\\program files\\powershell\\7-preview\\Modules;C:\\Program Files\\WindowsPowerShell\\Modules;C:\\Windows\\system32\\WindowsPowerShell\\v1.0\\Modules","PUBLIC":"C:\\Users\\Public","SystemDrive":"C:","SystemRoot":"C:\\Windows","TEMP":"C:\\Users\\A\\AppData\\Local\\Temp","TERM_PROGRAM":"vscode","TERM_PROGRAM_VERSION":"1.104.0","TMP":"C:\\Users\\A\\AppData\\Local\\Temp","USERDOMAIN":"DESKTOP-4KJPNCV","USERDOMAIN_ROAMINGPROFILE":"DESKTOP-4KJPNCV","USERNAME":"A","USERPROFILE":"C:\\Users\\A","VSCODE_GIT_ASKPASS_EXTRA_ARGS":"","VSCODE_GIT_ASKPASS_MAIN":"c:\\Users\\A\\AppData\\Local\\Programs\\Antigravity\\resources\\app\\extensions\\git\\dist\\askpass-main.js","VSCODE_GIT_ASKPASS_NODE":"C:\\Users\\A\\AppData\\Local\\Programs\\Antigravity\\Antigravity.exe","VSCODE_GIT_IPC_HANDLE":"\\\\.\\pipe\\vscode-git-72c0efb681-sock","VSCODE_INJECTION":"1","VSCODE_PYTHON_AUTOACTIVATE_GUARD":"1","windir":"C:\\Windows","ZES_ENABLE_SYSMAN":"1","TERM":"dumb"},"shell":false}
gyp sill find Python execFile result: err = null
gyp sill find Python execFile result: stdout = "3.14.0\r\n"
gyp sill find Python execFile result: stderr = ""
gyp verb find Python - version is "3.14.0"
gyp info find Python using Python version 3.14.0 found at "C:\Python314\python.exe"
gyp verb get node dir no --target version specified, falling back to host node version: 24.11.1

gyp verb install input version string "24.11.1"
gyp verb install installing version: 24.11.1
gyp verb install --ensure was passed, so won't reinstall if already installed
gyp verb install version is already installed, need to check "installVersion"
gyp verb got "installVersion" 11
gyp verb needs "installVersion" 11
gyp verb install version is good
gyp verb on Windows; need to check node.lib 
gyp verb get node dir target node version installed: 24.11.1
gyp verb build dir attempting to create "build" dir: C:\Users\A\antigravity\dupli-electron-caddy\src\print-engine\windows\build
gyp verb build dir "build" dir needed to be created? Yes
gyp verb find VS msvs_version not set from command line or npm config
gyp verb find VS VCINSTALLDIR not set, not running in VS Command Prompt
gyp sill find VS Running C:\Windows\System32\WindowsPowerShell\v1.0\powershell.exe [
gyp sill find VS '-NoProfile',
gyp sill find VS '-Command',
gyp sill find VS '&{@(Get-Module -ListAvailable -Name VSSetup).Version.ToString()}'
gyp sill find VS ]
gyp sill find VS Running C:\Windows\System32\WindowsPowerShell\v1.0\powershell.exe [
gyp sill find VS '-NoProfile',
gyp sill find VS '-Command',
gyp sill find VS '&{Get-VSSetupInstance  | ConvertTo-Json -Depth 3}'
gyp sill find VS ]
gyp sill find VS PS stderr = "Get-VSSetupInstance : Le terme ´┐¢Get-VSSetupInstance´┐¢ n'est \r\npas reconnu comme nom d'applet de commande, fonction, \r\nfichier de script ou programme ex´┐¢cutable. V´┐¢rifiez \r\nl'orthographe du nom, ou si un chemin d'acc´┐¢s existe, \r\nv´┐¢rifiez que le chemin d'acc´┐¢s est correct et r´┐¢essayez.\r\nAu caract´┐¢re Ligne:1 : 3\r\n+ &{Get-VSSetupInstance  | ConvertTo-Json -Depth 3}\r\n+   ~~~~~~~~~~~~~~~~~~~\r\n    + CategoryInfo          : ObjectNotFound: (Get-VSSetupI \r\n   nstance:String) [], CommandNotFoundException\r\n    + FullyQualifiedErrorId : CommandNotFoundException\r\n \r\n"
gyp sill find VS PS stdout = ""
gyp sill find VS SyntaxError: Unexpected end of JSON input
gyp sill find VS at JSON.parse (<anonymous>)
gyp sill find VS at VisualStudioFinder.parseData (C:\Users\A\antigravity\dupli-electron-caddy\node_modules\@electron\node-gyp\lib\find-visualstudio.js:286:21)
gyp sill find VS at VisualStudioFinder.findNewVSUsingSetupModule (C:\Users\A\antigravity\dupli-electron-caddy\node_modules\@electron\node-gyp\lib\find-visualstudio.js:202:27)
gyp sill find VS at process.processTicksAndRejections (node:internal/process/task_queues:103:5)
gyp sill find VS at async VisualStudioFinder.findVisualStudio (C:\Users\A\antigravity\dupli-electron-caddy\node_modules\@electron\node-gyp\lib\find-visualstudio.js:68:20)
gyp sill find VS at async createBuildDir (C:\Users\A\antigravity\dupli-electron-caddy\node_modules\@electron\node-gyp\lib\configure.js:112:18)
gyp sill find VS at async run (C:\Users\A\antigravity\dupli-electron-caddy\node_modules\@electron\node-gyp\bin\node-gyp.js:81:18)
gyp verb find VS could not use PowerShell to find Visual Studio 2017 or newer, try re-running with '--loglevel silly' for more details.
gyp verb find VS 
gyp verb find VS Failure details: undefined
gyp sill find VS Running C:\Windows\System32\WindowsPowerShell\v1.0\powershell.exe [
gyp sill find VS '-ExecutionPolicy',
gyp sill find VS 'Unrestricted',
gyp sill find VS '-NoProfile',
gyp sill find VS '-Command',
gyp sill find VS "&{Add-Type -Path 'C:\\Users\\A\\antigravity\\dupli-electron-caddy\\node_modules\\@electron\\node-gyp\\lib\\Find-VisualStudio.cs';[VisualStudioConfiguration.Main]::PrintJson()}"
gyp sill find VS ]
gyp sill find VS PS stderr = ""
gyp sill find VS processing installation: "C:\Program Files (x86)\Microsoft Visual Studio\2022\BuildTools"
gyp sill find VS - version match = ["17.14.36804.6","17","14"]
gyp sill find VS - found VC.Tools.x86.x64
gyp sill find VS - found Win10/11SDK: 26100
gyp sill find VS vsInfo: [
gyp sill find VS {
gyp sill find VS version: '17.14.36804.6',
gyp sill find VS versionMajor: 17,
gyp sill find VS versionMinor: 14,
gyp sill find VS versionYear: 2022,
gyp sill find VS path: 'C:\\Program Files (x86)\\Microsoft Visual Studio\\2022\\BuildTools',
gyp sill find VS msBuild: 'C:\\Program Files (x86)\\Microsoft Visual Studio\\2022\\BuildTools\\MSBuild\\Current\\Bin\\MSBuild.exe',
gyp sill find VS toolset: 'v143',
gyp sill find VS sdk: '10.0.26100.0'
gyp sill find VS }
gyp sill find VS ]
gyp verb find VS checking VS2022 (17.14.36804.6) found at:
gyp verb find VS "C:\Program Files (x86)\Microsoft Visual Studio\2022\BuildTools"
gyp verb find VS - found "Visual Studio C++ core features"
gyp verb find VS - found VC++ toolset: v143
gyp verb find VS - found Windows SDK: 10.0.26100.0
gyp info find VS using VS2022 (17.14.36804.6) found at:
gyp info find VS "C:\Program Files (x86)\Microsoft Visual Studio\2022\BuildTools"
gyp info find VS run with --verbose for detailed information
gyp verb build/config.gypi creating config file
gyp sill build/config.gypi {
gyp sill build/config.gypi target_defaults: {
gyp sill build/config.gypi cflags: [],
gyp sill build/config.gypi configurations: { Debug: [Object], Release: [Object] },
gyp sill build/config.gypi default_configuration: 'Release',
gyp sill build/config.gypi defines: [],
gyp sill build/config.gypi include_dirs: [],
gyp sill build/config.gypi libraries: [],
gyp sill build/config.gypi msbuild_toolset: 'v143',
gyp sill build/config.gypi msvs_windows_target_platform_version: '10.0.26100.0'
gyp sill build/config.gypi },
gyp sill build/config.gypi variables: {
gyp sill build/config.gypi asan: 0,
gyp sill build/config.gypi clang: 1,
gyp sill build/config.gypi control_flow_guard: false,
gyp sill build/config.gypi coverage: false,
gyp sill build/config.gypi dcheck_always_on: 0,
gyp sill build/config.gypi debug_nghttp2: false,
gyp sill build/config.gypi debug_node: false,
gyp sill build/config.gypi enable_lto: false,
gyp sill build/config.gypi enable_pgo_generate: false,
gyp sill build/config.gypi enable_pgo_use: false,
gyp sill build/config.gypi error_on_warn: false,
gyp sill build/config.gypi force_dynamic_crt: 0,
gyp sill build/config.gypi host_arch: 'x64',
gyp sill build/config.gypi icu_data_in: '..\\..\\deps\\icu-tmp\\icudt77l.dat',
gyp sill build/config.gypi icu_endianness: 'l',
gyp sill build/config.gypi icu_gyp_path: 'tools/icu/icu-generic.gyp',
gyp sill build/config.gypi icu_path: 'deps/icu-small',
gyp sill build/config.gypi icu_small: false,
gyp sill build/config.gypi icu_ver_major: '77',
gyp sill build/config.gypi libdir: 'lib',
gyp sill build/config.gypi llvm_version: '19.1.5',
gyp sill build/config.gypi napi_build_version: '10',
gyp sill build/config.gypi nasm_version: '3.01',
gyp sill build/config.gypi node_builtin_shareable_builtins: [
gyp sill build/config.gypi 'deps/cjs-module-lexer/lexer.js',
gyp sill build/config.gypi 'deps/cjs-module-lexer/dist/lexer.js',
gyp sill build/config.gypi 'deps/undici/undici.js',
gyp sill build/config.gypi 'deps/amaro/dist/index.js'
gyp sill build/config.gypi ],
gyp sill build/config.gypi node_byteorder: 'little',
gyp sill build/config.gypi node_cctest_sources: [
gyp sill build/config.gypi 'src/node_snapshot_stub.cc',
gyp sill build/config.gypi 'test/cctest/inspector/test_network_requests_buffer.cc',
gyp sill build/config.gypi 'test/cctest/inspector/test_node_protocol.cc',
gyp sill build/config.gypi 'test/cctest/node_test_fixture.cc',
gyp sill build/config.gypi 'test/cctest/test_aliased_buffer.cc',
gyp sill build/config.gypi 'test/cctest/test_base64.cc',
gyp sill build/config.gypi 'test/cctest/test_base_object_ptr.cc',
gyp sill build/config.gypi 'test/cctest/test_cppgc.cc',
gyp sill build/config.gypi 'test/cctest/test_crypto_clienthello.cc',
gyp sill build/config.gypi 'test/cctest/test_dataqueue.cc',
gyp sill build/config.gypi 'test/cctest/test_environment.cc',
gyp sill build/config.gypi 'test/cctest/test_inspector_socket.cc',
gyp sill build/config.gypi 'test/cctest/test_inspector_socket_server.cc',
gyp sill build/config.gypi 'test/cctest/test_json_utils.cc',
gyp sill build/config.gypi 'test/cctest/test_linked_binding.cc',
gyp sill build/config.gypi 'test/cctest/test_lru_cache.cc',
gyp sill build/config.gypi 'test/cctest/test_node_api.cc',
gyp sill build/config.gypi 'test/cctest/test_node_crypto.cc',
gyp sill build/config.gypi 'test/cctest/test_node_crypto_env.cc',
gyp sill build/config.gypi 'test/cctest/test_node_postmortem_metadata.cc',
gyp sill build/config.gypi 'test/cctest/test_node_task_runner.cc',
gyp sill build/config.gypi 'test/cctest/test_path.cc',
gyp sill build/config.gypi 'test/cctest/test_per_process.cc',
gyp sill build/config.gypi 'test/cctest/test_platform.cc',
gyp sill build/config.gypi 'test/cctest/test_quic_cid.cc',
gyp sill build/config.gypi 'test/cctest/test_quic_error.cc',
gyp sill build/config.gypi 'test/cctest/test_quic_tokens.cc',
gyp sill build/config.gypi 'test/cctest/test_report.cc',
gyp sill build/config.gypi 'test/cctest/test_sockaddr.cc',
gyp sill build/config.gypi 'test/cctest/test_string_bytes.cc',
gyp sill build/config.gypi 'test/cctest/test_traced_value.cc',
gyp sill build/config.gypi 'test/cctest/test_util.cc',
gyp sill build/config.gypi 'test/cctest/node_test_fixture.h'
gyp sill build/config.gypi ],
gyp sill build/config.gypi node_debug_lib: false,
gyp sill build/config.gypi node_enable_d8: false,
gyp sill build/config.gypi node_enable_v8_vtunejit: false,
gyp sill build/config.gypi node_enable_v8windbg: false,
gyp sill build/config.gypi node_fipsinstall: false,
gyp sill build/config.gypi node_install_corepack: true,
gyp sill build/config.gypi node_install_npm: true,
gyp sill build/config.gypi node_library_files: [
gyp sill build/config.gypi 'lib/_http_agent.js',
gyp sill build/config.gypi 'lib/_http_client.js',
gyp sill build/config.gypi 'lib/_http_common.js',
gyp sill build/config.gypi 'lib/_http_incoming.js',
gyp sill build/config.gypi 'lib/_http_outgoing.js',
gyp sill build/config.gypi 'lib/_http_server.js',
gyp sill build/config.gypi 'lib/_stream_duplex.js',
gyp sill build/config.gypi 'lib/_stream_passthrough.js',
gyp sill build/config.gypi 'lib/_stream_readable.js',
gyp sill build/config.gypi 'lib/_stream_transform.js',
gyp sill build/config.gypi 'lib/_stream_wrap.js',
gyp sill build/config.gypi 'lib/_stream_writable.js',
gyp sill build/config.gypi 'lib/_tls_common.js',
gyp sill build/config.gypi 'lib/_tls_wrap.js',
gyp sill build/config.gypi 'lib/assert.js',
gyp sill build/config.gypi 'lib/assert/strict.js',
gyp sill build/config.gypi 'lib/async_hooks.js',
gyp sill build/config.gypi 'lib/buffer.js',
gyp sill build/config.gypi 'lib/child_process.js',
gyp sill build/config.gypi 'lib/cluster.js',
gyp sill build/config.gypi 'lib/console.js',
gyp sill build/config.gypi 'lib/constants.js',
gyp sill build/config.gypi 'lib/crypto.js',
gyp sill build/config.gypi 'lib/dgram.js',
gyp sill build/config.gypi 'lib/diagnostics_channel.js',
gyp sill build/config.gypi 'lib/dns.js',
gyp sill build/config.gypi 'lib/dns/promises.js',
gyp sill build/config.gypi 'lib/domain.js',
gyp sill build/config.gypi 'lib/events.js',
gyp sill build/config.gypi 'lib/fs.js',
gyp sill build/config.gypi 'lib/fs/promises.js',
gyp sill build/config.gypi 'lib/http.js',
gyp sill build/config.gypi 'lib/http2.js',
gyp sill build/config.gypi 'lib/https.js',
gyp sill build/config.gypi 'lib/inspector.js',
gyp sill build/config.gypi 'lib/inspector/promises.js',
gyp sill build/config.gypi 'lib/internal/abort_controller.js',
gyp sill build/config.gypi 'lib/internal/assert.js',
gyp sill build/config.gypi 'lib/internal/assert/assertion_error.js',
gyp sill build/config.gypi 'lib/internal/assert/calltracker.js',
gyp sill build/config.gypi 'lib/internal/assert/myers_diff.js',
gyp sill build/config.gypi 'lib/internal/assert/utils.js',
gyp sill build/config.gypi 'lib/internal/async_context_frame.js',
gyp sill build/config.gypi 'lib/internal/async_hooks.js',
gyp sill build/config.gypi 'lib/internal/async_local_storage/async_context_frame.js',
gyp sill build/config.gypi 'lib/internal/async_local_storage/async_hooks.js',
gyp sill build/config.gypi 'lib/internal/blob.js',
gyp sill build/config.gypi 'lib/internal/blocklist.js',
gyp sill build/config.gypi 'lib/internal/bootstrap/node.js',
gyp sill build/config.gypi 'lib/internal/bootstrap/realm.js',
gyp sill build/config.gypi 'lib/internal/bootstrap/shadow_realm.js',
gyp sill build/config.gypi 'lib/internal/bootstrap/switches/does_not_own_process_state.js',
gyp sill build/config.gypi 'lib/internal/bootstrap/switches/does_own_process_state.js',
gyp sill build/config.gypi 'lib/internal/bootstrap/switches/is_main_thread.js',
gyp sill build/config.gypi 'lib/internal/bootstrap/switches/is_not_main_thread.js',
gyp sill build/config.gypi 'lib/internal/bootstrap/web/exposed-wildcard.js',
gyp sill build/config.gypi 'lib/internal/bootstrap/web/exposed-window-or-worker.js',
gyp sill build/config.gypi 'lib/internal/buffer.js',
gyp sill build/config.gypi 'lib/internal/child_process.js',
gyp sill build/config.gypi 'lib/internal/child_process/serialization.js',
gyp sill build/config.gypi 'lib/internal/cli_table.js',
gyp sill build/config.gypi 'lib/internal/cluster/child.js',
gyp sill build/config.gypi 'lib/internal/cluster/primary.js',
gyp sill build/config.gypi 'lib/internal/cluster/round_robin_handle.js',
gyp sill build/config.gypi 'lib/internal/cluster/shared_handle.js',
gyp sill build/config.gypi 'lib/internal/cluster/utils.js',
gyp sill build/config.gypi 'lib/internal/cluster/worker.js',
gyp sill build/config.gypi 'lib/internal/console/constructor.js',
gyp sill build/config.gypi 'lib/internal/console/global.js',
gyp sill build/config.gypi 'lib/internal/constants.js',
gyp sill build/config.gypi 'lib/internal/crypto/aes.js',
gyp sill build/config.gypi 'lib/internal/crypto/argon2.js',
gyp sill build/config.gypi 'lib/internal/crypto/certificate.js',
gyp sill build/config.gypi 'lib/internal/crypto/cfrg.js',
gyp sill build/config.gypi 'lib/internal/crypto/chacha20_poly1305.js',
gyp sill build/config.gypi 'lib/internal/crypto/cipher.js',
gyp sill build/config.gypi 'lib/internal/crypto/diffiehellman.js',
gyp sill build/config.gypi 'lib/internal/crypto/ec.js',
gyp sill build/config.gypi 'lib/internal/crypto/hash.js',
gyp sill build/config.gypi 'lib/internal/crypto/hashnames.js',
gyp sill build/config.gypi 'lib/internal/crypto/hkdf.js',
gyp sill build/config.gypi 'lib/internal/crypto/kem.js',
gyp sill build/config.gypi 'lib/internal/crypto/keygen.js',
gyp sill build/config.gypi 'lib/internal/crypto/keys.js',
gyp sill build/config.gypi 'lib/internal/crypto/mac.js',
gyp sill build/config.gypi 'lib/internal/crypto/ml_dsa.js',
gyp sill build/config.gypi 'lib/internal/crypto/ml_kem.js',
gyp sill build/config.gypi 'lib/internal/crypto/pbkdf2.js',
gyp sill build/config.gypi 'lib/internal/crypto/random.js',
gyp sill build/config.gypi 'lib/internal/crypto/rsa.js',
gyp sill build/config.gypi 'lib/internal/crypto/scrypt.js',
gyp sill build/config.gypi 'lib/internal/crypto/sig.js',
gyp sill build/config.gypi 'lib/internal/crypto/util.js',
gyp sill build/config.gypi 'lib/internal/crypto/webcrypto.js',
gyp sill build/config.gypi 'lib/internal/crypto/webidl.js',
gyp sill build/config.gypi 'lib/internal/crypto/x509.js',
gyp sill build/config.gypi 'lib/internal/data_url.js',
gyp sill build/config.gypi 'lib/internal/debugger/inspect.js',
gyp sill build/config.gypi 'lib/internal/debugger/inspect_client.js',
gyp sill build/config.gypi 'lib/internal/debugger/inspect_repl.js',
gyp sill build/config.gypi ... 247 more items
gyp sill build/config.gypi ],
gyp sill build/config.gypi node_module_version: 137,
gyp sill build/config.gypi node_no_browser_globals: false,
gyp sill build/config.gypi node_prefix: '\\usr\\local',
gyp sill build/config.gypi node_quic: false,
gyp sill build/config.gypi node_release_urlbase: 'https://nodejs.org/download/release/',
gyp sill build/config.gypi node_shared: false,
gyp sill build/config.gypi node_shared_ada: false,
gyp sill build/config.gypi node_shared_brotli: false,
gyp sill build/config.gypi node_shared_cares: false,
gyp sill build/config.gypi node_shared_http_parser: false,
gyp sill build/config.gypi node_shared_libuv: false,
gyp sill build/config.gypi node_shared_nghttp2: false,
gyp sill build/config.gypi node_shared_nghttp3: false,
gyp sill build/config.gypi node_shared_ngtcp2: false,
gyp sill build/config.gypi node_shared_openssl: false,
gyp sill build/config.gypi node_shared_simdjson: false,
gyp sill build/config.gypi node_shared_simdutf: false,
gyp sill build/config.gypi node_shared_sqlite: false,
gyp sill build/config.gypi node_shared_uvwasi: false,
gyp sill build/config.gypi node_shared_zlib: false,
gyp sill build/config.gypi node_shared_zstd: false,
gyp sill build/config.gypi node_tag: '',
gyp sill build/config.gypi node_target_type: 'executable',
gyp sill build/config.gypi node_use_amaro: true,
gyp sill build/config.gypi node_use_bundled_v8: true,
gyp sill build/config.gypi node_use_node_code_cache: true,
gyp sill build/config.gypi node_use_node_snapshot: true,
gyp sill build/config.gypi node_use_openssl: true,
gyp sill build/config.gypi node_use_sqlite: true,
gyp sill build/config.gypi node_use_v8_platform: true,
gyp sill build/config.gypi node_with_ltcg: true,
gyp sill build/config.gypi node_without_node_options: false,
gyp sill build/config.gypi node_write_snapshot_as_array_literals: true,
gyp sill build/config.gypi openssl_is_fips: false,
gyp sill build/config.gypi openssl_quic: false,
gyp sill build/config.gypi ossfuzz: false,
gyp sill build/config.gypi shlib_suffix: 'so.137',
gyp sill build/config.gypi single_executable_application: true,
gyp sill build/config.gypi suppress_all_error_on_warn: false,
gyp sill build/config.gypi target_arch: 'x64',
gyp sill build/config.gypi ubsan: 0,
gyp sill build/config.gypi use_ccache_win: 0,
gyp sill build/config.gypi use_prefix_to_find_headers: false,
gyp sill build/config.gypi v8_enable_31bit_smis_on_64bit_arch: 0,
gyp sill build/config.gypi v8_enable_extensible_ro_snapshot: 0,
gyp sill build/config.gypi v8_enable_external_code_space: 0,
gyp sill build/config.gypi v8_enable_gdbjit: 0,
gyp sill build/config.gypi v8_enable_hugepage: 0,
gyp sill build/config.gypi v8_enable_i18n_support: 1,
gyp sill build/config.gypi v8_enable_inspector: 1,
gyp sill build/config.gypi v8_enable_javascript_promise_hooks: 1,
gyp sill build/config.gypi v8_enable_lite_mode: 0,
gyp sill build/config.gypi v8_enable_maglev: 1,
gyp sill build/config.gypi v8_enable_object_print: 1,
gyp sill build/config.gypi v8_enable_pointer_compression: 0,
gyp sill build/config.gypi v8_enable_pointer_compression_shared_cage: 0,
gyp sill build/config.gypi v8_enable_sandbox: 0,
gyp sill build/config.gypi v8_enable_short_builtin_calls: 1,
gyp sill build/config.gypi v8_enable_wasm_simd256_revec: 1,
gyp sill build/config.gypi v8_enable_webassembly: 1,
gyp sill build/config.gypi v8_optimized_debug: 1,
gyp sill build/config.gypi v8_promise_internal_field_count: 1,
gyp sill build/config.gypi v8_random_seed: 0,
gyp sill build/config.gypi v8_trace_maps: 0,
gyp sill build/config.gypi v8_use_siphash: 1,
gyp sill build/config.gypi want_separate_host_toolset: 0,
gyp sill build/config.gypi nodedir: 'C:\\Users\\A\\AppData\\Local\\node-gyp\\Cache\\24.11.1',
gyp sill build/config.gypi python: 'C:\\Python314\\python.exe',
gyp sill build/config.gypi standalone_static_library: 1,
gyp sill build/config.gypi msbuild_path: 'C:\\Program Files (x86)\\Microsoft Visual Studio\\2022\\BuildTools\\MSBuild\\Current\\Bin\\MSBuild.exe',
gyp sill build/config.gypi cache: 'C:\\Users\\A\\AppData\\Local\\npm-cache',
gyp sill build/config.gypi globalconfig: 'C:\\Users\\A\\AppData\\Roaming\\npm\\etc\\npmrc',
gyp sill build/config.gypi global_prefix: 'C:\\Users\\A\\AppData\\Roaming\\npm',
gyp sill build/config.gypi init_module: 'C:\\Users\\A\\.npm-init.js',
gyp sill build/config.gypi local_prefix: 'C:\\Users\\A\\antigravity\\dupli-electron-caddy',
gyp sill build/config.gypi node_gyp: 'C:\\Program Files\\nodejs\\node_modules\\npm\\node_modules\\node-gyp\\bin\\node-gyp.js',
gyp sill build/config.gypi npm_version: '11.6.2',
gyp sill build/config.gypi prefix: 'C:\\Users\\A\\AppData\\Roaming\\npm',
gyp sill build/config.gypi userconfig: 'C:\\Users\\A\\.npmrc',
gyp sill build/config.gypi user_agent: 'npm/11.6.2 node/v24.11.1 win32 x64 workspaces/false'
gyp sill build/config.gypi }
gyp sill build/config.gypi }
gyp verb build/config.gypi writing out config file: C:\Users\A\antigravity\dupli-electron-caddy\src\print-engine\windows\build\config.gypi
gyp verb config.gypi checking for gypi file: C:\Users\A\antigravity\dupli-electron-caddy\src\print-engine\windows\config.gypi
gyp verb common.gypi checking for gypi file: C:\Users\A\antigravity\dupli-electron-caddy\src\print-engine\windows\common.gypi
gyp verb gyp gyp format was not specified; forcing "msvs"
gyp info spawn C:\Python314\python.exe
gyp info spawn args [
gyp info spawn args 'C:\\Users\\A\\antigravity\\dupli-electron-caddy\\node_modules\\@electron\\node-gyp\\gyp\\gyp_main.py',
gyp info spawn args 'binding.gyp',
gyp info spawn args '-f',
gyp info spawn args 'msvs',
gyp info spawn args '-I',
gyp info spawn args 'C:\\Users\\A\\antigravity\\dupli-electron-caddy\\src\\print-engine\\windows\\build\\config.gypi',
gyp info spawn args '-I',
gyp info spawn args 'C:\\Users\\A\\antigravity\\dupli-electron-caddy\\node_modules\\@electron\\node-gyp\\addon.gypi',
gyp info spawn args '-I',
gyp info spawn args 'C:\\Users\\A\\AppData\\Local\\node-gyp\\Cache\\24.11.1\\include\\node\\common.gypi',
gyp info spawn args '-Dlibrary=shared_library',
gyp info spawn args '-Dvisibility=default',
gyp info spawn args '-Dnode_root_dir=C:\\Users\\A\\AppData\\Local\\node-gyp\\Cache\\24.11.1',
gyp info spawn args '-Dnode_gyp_dir=C:\\Users\\A\\antigravity\\dupli-electron-caddy\\node_modules\\@electron\\node-gyp',
gyp info spawn args '-Dnode_lib_file=C:\\\\Users\\\\A\\\\AppData\\\\Local\\\\node-gyp\\\\Cache\\\\24.11.1\\\\<(target_arch)\\\\node.lib',
gyp info spawn args '-Dmodule_root_dir=C:\\Users\\A\\antigravity\\dupli-electron-caddy\\src\\print-engine\\windows',
gyp info spawn args '-Dnode_engine=v8',
gyp info spawn args '--depth=.',
gyp info spawn args '--no-parallel',
gyp info spawn args '--generator-output',
gyp info spawn args 'C:\\Users\\A\\antigravity\\dupli-electron-caddy\\src\\print-engine\\windows\\build',
gyp info spawn args '-Goutput_dir=.'
gyp info spawn args ]
node:internal/modules/cjs/loader:1424
  throw err;
  ^

Error: Cannot find module 'node-addon-api'
Require stack:
- C:\Users\A\antigravity\dupli-electron-caddy\src\print-engine\windows\[eval]
    at Module._resolveFilename (node:internal/modules/cjs/loader:1421:15)
    at defaultResolveImpl (node:internal/modules/cjs/loader:1059:19)
    at resolveForCJSWithHooks (node:internal/modules/cjs/loader:1064:22)
    at Module._load (node:internal/modules/cjs/loader:1227:37)
    at TracingChannel.traceSync (node:diagnostics_channel:328:14)
    at wrapModuleLoad (node:internal/modules/cjs/loader:245:24)
    at Module.require (node:internal/modules/cjs/loader:1504:12)
    at require (node:internal/modules/helpers:152:16)
    at [eval]:1:1
    at runScriptInThisContext (node:internal/vm:219:10) {
  code: 'MODULE_NOT_FOUND',
  requireStack: [
    'C:\\Users\\A\\antigravity\\dupli-electron-caddy\\src\\print-engine\\windows\\[eval]'
  ]
}

Node.js v24.11.1
gyp: Call to 'node -p "require('node-addon-api').include"' returned exit status 1 while in binding.gyp. while trying to load binding.gyp
gyp ERR! configure error 
gyp ERR! stack Error: `gyp` failed with exit code: 1
gyp ERR! stack at ChildProcess.<anonymous> (C:\Users\A\antigravity\dupli-electron-caddy\node_modules\@electron\node-gyp\lib\configure.js:317:18)
gyp ERR! stack at ChildProcess.emit (node:events:508:28)
gyp ERR! stack at ChildProcess._handle.onexit (node:internal/child_process:294:12)
gyp ERR! System Windows_NT 10.0.26100
gyp ERR! command "C:\\Program Files\\nodejs\\node.exe" "C:\\Users\\A\\antigravity\\dupli-electron-caddy\\node_modules\\@electron\\node-gyp\\bin\\node-gyp.js" "rebuild" "--directory" "src/print-engine/windows"
gyp ERR! cwd C:\Users\A\antigravity\dupli-electron-caddy\src\print-engine\windows
gyp ERR! node -v v24.11.1
gyp ERR! node-gyp -v v10.2.0-electron.1
gyp ERR! not ok 
